2026-03-25 23:07:27,862 -- [33m Self-training round [1/3] [0m
2026-03-25 23:07:27,862 -- 
2026-03-25 23:07:27,862 -- [32m ====== Epoch 1/4 (Round 1) ====== [0m
2026-03-25 23:07:27,862 -- Learning rate: 0.001000
2026-03-25 23:07:27,862 -- 
2026-03-25 23:07:28,016 -- Step [1/183] | Batch loss: 2.1183
2026-03-25 23:07:28,205 -- Step [100/183] | Batch loss: 1.0578
2026-03-25 23:07:28,370 -- 
2026-03-25 23:07:28,370 -- Training epoch completed. Validating...
2026-03-25 23:07:28,798 -- 
2026-03-25 23:07:28,799 -- [32m ====== Epoch 1 Summary ====== [0m
2026-03-25 23:07:28,799 -- Training Loss: 1.1464
2026-03-25 23:07:28,799 -- Validation Loss: 49.3168
2026-03-25 23:07:28,883 -- [33m✓ New best model saved with validation loss: 49.3168 [0m
2026-03-25 23:07:28,883 -- 
2026-03-25 23:07:28,883 -- [32m ====== Epoch 2/4 (Round 1) ====== [0m
2026-03-25 23:07:28,883 -- Learning rate: 0.000980
2026-03-25 23:07:28,883 -- 
2026-03-25 23:07:28,923 -- Step [1/183] | Batch loss: 1.0661
2026-03-25 23:07:29,125 -- Step [100/183] | Batch loss: 1.1623
2026-03-25 23:07:29,301 -- 
2026-03-25 23:07:29,301 -- Training epoch completed. Validating...
2026-03-25 23:07:29,724 -- 
2026-03-25 23:07:29,724 -- [32m ====== Epoch 2 Summary ====== [0m
2026-03-25 23:07:29,724 -- Training Loss: 0.5962
2026-03-25 23:07:29,724 -- Validation Loss: 75.2603
2026-03-25 23:07:29,749 -- 
2026-03-25 23:07:29,750 -- [32m ====== Epoch 3/4 (Round 1) ====== [0m
2026-03-25 23:07:29,750 -- Learning rate: 0.000960
2026-03-25 23:07:29,750 -- 
2026-03-25 23:07:29,796 -- Step [1/183] | Batch loss: 0.3949
2026-03-25 23:07:29,999 -- Step [100/183] | Batch loss: 0.3757
2026-03-25 23:07:30,170 -- 
2026-03-25 23:07:30,171 -- Training epoch completed. Validating...
2026-03-25 23:07:30,588 -- 
2026-03-25 23:07:30,588 -- [32m ====== Epoch 3 Summary ====== [0m
2026-03-25 23:07:30,588 -- Training Loss: 0.3974
2026-03-25 23:07:30,588 -- Validation Loss: 76.0466
2026-03-25 23:07:30,612 -- 
2026-03-25 23:07:30,612 -- [32m ====== Epoch 4/4 (Round 1) ====== [0m
2026-03-25 23:07:30,612 -- Learning rate: 0.000941
2026-03-25 23:07:30,612 -- 
2026-03-25 23:07:30,660 -- Step [1/183] | Batch loss: 0.2205
2026-03-25 23:07:30,865 -- Step [100/183] | Batch loss: 0.2030
2026-03-25 23:07:31,046 -- 
2026-03-25 23:07:31,046 -- Training epoch completed. Validating...
2026-03-25 23:07:31,462 -- 
2026-03-25 23:07:31,462 -- [32m ====== Epoch 4 Summary ====== [0m
2026-03-25 23:07:31,462 -- Training Loss: 0.2803
2026-03-25 23:07:31,462 -- Validation Loss: 78.7283
2026-03-25 23:07:31,796 -- 
2026-03-25 23:07:31,796 -- [32m ====== Pseudo-labeling result ====== [0m
2026-03-25 23:07:31,796 -- Confidence threshold: 0.95
2026-03-25 23:07:31,796 -- Pseudo-labeling ratio: 98.38%
2026-03-25 23:07:31,797 -- Total labeled samples: 46487
2026-03-25 23:07:31,797 -- Remaining unlabeled samples: 380
2026-03-25 23:07:31,797 -- 
2026-03-25 23:07:31,797 -- [33m Self-training round [2/3] [0m
2026-03-25 23:07:31,797 -- 
2026-03-25 23:07:31,797 -- [32m ====== Epoch 1/4 (Round 2) ====== [0m
2026-03-25 23:07:31,797 -- Learning rate: 0.000922
2026-03-25 23:07:31,797 -- 
2026-03-25 23:07:31,856 -- Step [1/364] | Batch loss: 46.7622
2026-03-25 23:07:32,045 -- Step [100/364] | Batch loss: 4.2589
2026-03-25 23:07:32,251 -- Step [200/364] | Batch loss: 1.9108
2026-03-25 23:07:32,435 -- Step [300/364] | Batch loss: 2.7621
2026-03-25 23:07:32,591 -- 
2026-03-25 23:07:32,591 -- Training epoch completed. Validating...
2026-03-25 23:07:33,007 -- 
2026-03-25 23:07:33,007 -- [32m ====== Epoch 5 Summary ====== [0m
2026-03-25 23:07:33,007 -- Training Loss: 6.1441
2026-03-25 23:07:33,007 -- Validation Loss: 4.8057
2026-03-25 23:07:33,053 -- [33m✓ New best model saved with validation loss: 4.8057 [0m
2026-03-25 23:07:33,054 -- 
2026-03-25 23:07:33,054 -- [32m ====== Epoch 2/4 (Round 2) ====== [0m
2026-03-25 23:07:33,054 -- Learning rate: 0.000904
2026-03-25 23:07:33,054 -- 
2026-03-25 23:07:33,119 -- Step [1/364] | Batch loss: 1.9037
2026-03-25 23:07:33,313 -- Step [100/364] | Batch loss: 1.1674
2026-03-25 23:07:33,500 -- Step [200/364] | Batch loss: 1.6462
2026-03-25 23:07:33,690 -- Step [300/364] | Batch loss: 0.8870
2026-03-25 23:07:33,849 -- 
2026-03-25 23:07:33,849 -- Training epoch completed. Validating...
2026-03-25 23:07:34,287 -- 
2026-03-25 23:07:34,287 -- [32m ====== Epoch 6 Summary ====== [0m
2026-03-25 23:07:34,287 -- Training Loss: 1.4301
2026-03-25 23:07:34,287 -- Validation Loss: 5.2155
2026-03-25 23:07:34,310 -- 
2026-03-25 23:07:34,310 -- [32m ====== Epoch 3/4 (Round 2) ====== [0m
2026-03-25 23:07:34,310 -- Learning rate: 0.000886
2026-03-25 23:07:34,310 -- 
2026-03-25 23:07:34,375 -- Step [1/364] | Batch loss: 1.5737
2026-03-25 23:07:34,564 -- Step [100/364] | Batch loss: 1.4389
2026-03-25 23:07:34,761 -- Step [200/364] | Batch loss: 1.5755
2026-03-25 23:07:34,974 -- Step [300/364] | Batch loss: 0.5373
2026-03-25 23:07:35,133 -- 
2026-03-25 23:07:35,133 -- Training epoch completed. Validating...
2026-03-25 23:07:35,535 -- 
2026-03-25 23:07:35,535 -- [32m ====== Epoch 7 Summary ====== [0m
2026-03-25 23:07:35,535 -- Training Loss: 0.9399
2026-03-25 23:07:35,535 -- Validation Loss: 5.8468
2026-03-25 23:07:35,558 -- 
2026-03-25 23:07:35,558 -- [32m ====== Epoch 4/4 (Round 2) ====== [0m
2026-03-25 23:07:35,558 -- Learning rate: 0.000868
2026-03-25 23:07:35,558 -- 
2026-03-25 23:07:35,622 -- Step [1/364] | Batch loss: 0.6215
2026-03-25 23:07:35,840 -- Step [100/364] | Batch loss: 0.6371
2026-03-25 23:07:36,032 -- Step [200/364] | Batch loss: 0.5564
2026-03-25 23:07:36,222 -- Step [300/364] | Batch loss: 0.4903
2026-03-25 23:07:36,372 -- 
2026-03-25 23:07:36,372 -- Training epoch completed. Validating...
2026-03-25 23:07:36,780 -- 
2026-03-25 23:07:36,781 -- [32m ====== Epoch 8 Summary ====== [0m
2026-03-25 23:07:36,781 -- Training Loss: 0.7107
2026-03-25 23:07:36,781 -- Validation Loss: 6.4963
2026-03-25 23:07:36,885 -- 
2026-03-25 23:07:36,885 -- [32m ====== Pseudo-labeling result ====== [0m
2026-03-25 23:07:36,885 -- Confidence threshold: 0.95
2026-03-25 23:07:36,885 -- Pseudo-labeling ratio: 91.32%
2026-03-25 23:07:36,885 -- Total labeled samples: 46834
2026-03-25 23:07:36,885 -- Remaining unlabeled samples: 33
2026-03-25 23:07:36,885 -- 
2026-03-25 23:07:36,885 -- [33m Self-training round [3/3] [0m
2026-03-25 23:07:36,885 -- 
2026-03-25 23:07:36,885 -- [32m ====== Epoch 1/4 (Round 3) ====== [0m
2026-03-25 23:07:36,885 -- Learning rate: 0.000851
2026-03-25 23:07:36,885 -- 
2026-03-25 23:07:36,955 -- Step [1/366] | Batch loss: 0.3601
2026-03-25 23:07:37,146 -- Step [100/366] | Batch loss: 0.3215
2026-03-25 23:07:37,338 -- Step [200/366] | Batch loss: 0.9511
2026-03-25 23:07:37,533 -- Step [300/366] | Batch loss: 0.9514
2026-03-25 23:07:37,700 -- 
2026-03-25 23:07:37,701 -- Training epoch completed. Validating...
2026-03-25 23:07:38,145 -- 
2026-03-25 23:07:38,146 -- [32m ====== Epoch 9 Summary ====== [0m
2026-03-25 23:07:38,146 -- Training Loss: 0.5826
2026-03-25 23:07:38,146 -- Validation Loss: 7.0199
2026-03-25 23:07:38,170 -- 
2026-03-25 23:07:38,170 -- [32m ====== Epoch 2/4 (Round 3) ====== [0m
2026-03-25 23:07:38,170 -- Learning rate: 0.000834
2026-03-25 23:07:38,170 -- 
2026-03-25 23:07:38,228 -- Step [1/366] | Batch loss: 0.2653
2026-03-25 23:07:38,422 -- Step [100/366] | Batch loss: 0.4734
2026-03-25 23:07:38,604 -- Step [200/366] | Batch loss: 0.4104
2026-03-25 23:07:38,811 -- Step [300/366] | Batch loss: 0.3242
2026-03-25 23:07:39,004 -- 
2026-03-25 23:07:39,004 -- Training epoch completed. Validating...
2026-03-25 23:07:39,407 -- 
2026-03-25 23:07:39,407 -- [32m ====== Epoch 10 Summary ====== [0m
2026-03-25 23:07:39,407 -- Training Loss: 0.5115
2026-03-25 23:07:39,408 -- Validation Loss: 7.7327
2026-03-25 23:07:39,431 -- 
2026-03-25 23:07:39,431 -- [32m ====== Epoch 3/4 (Round 3) ====== [0m
2026-03-25 23:07:39,431 -- Learning rate: 0.000817
2026-03-25 23:07:39,431 -- 
2026-03-25 23:07:39,490 -- Step [1/366] | Batch loss: 0.3172
2026-03-25 23:07:39,691 -- Step [100/366] | Batch loss: 0.4847
2026-03-25 23:07:39,890 -- Step [200/366] | Batch loss: 0.3853
2026-03-25 23:07:40,079 -- Step [300/366] | Batch loss: 0.3045
2026-03-25 23:07:40,240 -- 
2026-03-25 23:07:40,240 -- Training epoch completed. Validating...
2026-03-25 23:07:40,675 -- 
2026-03-25 23:07:40,675 -- [32m ====== Epoch 11 Summary ====== [0m
2026-03-25 23:07:40,675 -- Training Loss: 0.4395
2026-03-25 23:07:40,675 -- Validation Loss: 7.7341
2026-03-25 23:07:40,699 -- 
2026-03-25 23:07:40,699 -- [32m ====== Epoch 4/4 (Round 3) ====== [0m
2026-03-25 23:07:40,699 -- Learning rate: 0.000801
2026-03-25 23:07:40,699 -- 
2026-03-25 23:07:40,767 -- Step [1/366] | Batch loss: 0.5971
2026-03-25 23:07:40,980 -- Step [100/366] | Batch loss: 0.3592
2026-03-25 23:07:41,171 -- Step [200/366] | Batch loss: 0.5780
2026-03-25 23:07:41,354 -- Step [300/366] | Batch loss: 0.1879
2026-03-25 23:07:41,513 -- 
2026-03-25 23:07:41,513 -- Training epoch completed. Validating...
2026-03-25 23:07:41,934 -- 
2026-03-25 23:07:41,934 -- [32m ====== Epoch 12 Summary ====== [0m
2026-03-25 23:07:41,934 -- Training Loss: 0.4186
2026-03-25 23:07:41,934 -- Validation Loss: 8.2621
2026-03-25 23:07:42,019 -- 
2026-03-25 23:07:42,019 -- [32m ====== Pseudo-labeling result ====== [0m
2026-03-25 23:07:42,019 -- Confidence threshold: 0.95
2026-03-25 23:07:42,019 -- Pseudo-labeling ratio: 66.67%
2026-03-25 23:07:42,019 -- Total labeled samples: 46856
2026-03-25 23:07:42,019 -- Remaining unlabeled samples: 11
2026-03-25 23:07:42,019 -- 
