2026-03-25 15:18:44,450 -- [33m Self-training round [1/3] [0m
2026-03-25 15:18:44,450 -- 
2026-03-25 15:18:44,450 -- [32m ====== Epoch 1/4 (Round 1) ====== [0m
2026-03-25 15:18:44,450 -- Learning rate: 0.001000
2026-03-25 15:18:44,450 -- 
2026-03-25 15:18:44,631 -- Step [1/367] | Batch loss: 0.1645
2026-03-25 15:18:44,812 -- Step [100/367] | Batch loss: -0.6415
2026-03-25 15:18:44,988 -- Step [200/367] | Batch loss: -1.3246
2026-03-25 15:18:45,169 -- Step [300/367] | Batch loss: -1.9799
2026-03-25 15:18:45,321 -- 
2026-03-25 15:18:45,321 -- Training epoch completed. Validating...
2026-03-25 15:18:45,713 -- 
2026-03-25 15:18:45,713 -- [32m ====== Epoch 1 Summary ====== [0m
2026-03-25 15:18:45,713 -- Training Loss: -1.1834
2026-03-25 15:18:45,713 -- Validation Loss: -2.8233
2026-03-25 15:18:45,794 -- [33m✓ New best model saved with validation loss: -2.8233 [0m
2026-03-25 15:18:45,794 -- 
2026-03-25 15:18:45,794 -- [32m ====== Epoch 2/4 (Round 1) ====== [0m
2026-03-25 15:18:45,794 -- Learning rate: 0.000980
2026-03-25 15:18:45,794 -- 
2026-03-25 15:18:45,846 -- Step [1/367] | Batch loss: -2.5816
2026-03-25 15:18:46,033 -- Step [100/367] | Batch loss: -3.5389
2026-03-25 15:18:46,213 -- Step [200/367] | Batch loss: -4.7116
2026-03-25 15:18:46,388 -- Step [300/367] | Batch loss: -6.1607
2026-03-25 15:18:46,537 -- 
2026-03-25 15:18:46,537 -- Training epoch completed. Validating...
2026-03-25 15:18:46,939 -- 
2026-03-25 15:18:46,939 -- [32m ====== Epoch 2 Summary ====== [0m
2026-03-25 15:18:46,939 -- Training Loss: -4.7962
2026-03-25 15:18:46,939 -- Validation Loss: -7.6313
2026-03-25 15:18:46,984 -- [33m✓ New best model saved with validation loss: -7.6313 [0m
2026-03-25 15:18:46,984 -- 
2026-03-25 15:18:46,984 -- [32m ====== Epoch 3/4 (Round 1) ====== [0m
2026-03-25 15:18:46,984 -- Learning rate: 0.000960
2026-03-25 15:18:46,984 -- 
2026-03-25 15:18:47,049 -- Step [1/367] | Batch loss: -8.0912
2026-03-25 15:18:47,238 -- Step [100/367] | Batch loss: -8.9509
2026-03-25 15:18:47,423 -- Step [200/367] | Batch loss: -10.5738
2026-03-25 15:18:47,606 -- Step [300/367] | Batch loss: -13.2530
2026-03-25 15:18:47,750 -- 
2026-03-25 15:18:47,750 -- Training epoch completed. Validating...
2026-03-25 15:18:48,143 -- 
2026-03-25 15:18:48,143 -- [32m ====== Epoch 3 Summary ====== [0m
2026-03-25 15:18:48,143 -- Training Loss: -10.4696
2026-03-25 15:18:48,143 -- Validation Loss: -15.0171
2026-03-25 15:18:48,188 -- [33m✓ New best model saved with validation loss: -15.0171 [0m
2026-03-25 15:18:48,188 -- 
2026-03-25 15:18:48,188 -- [32m ====== Epoch 4/4 (Round 1) ====== [0m
2026-03-25 15:18:48,188 -- Learning rate: 0.000941
2026-03-25 15:18:48,188 -- 
2026-03-25 15:18:48,253 -- Step [1/367] | Batch loss: -13.7885
2026-03-25 15:18:48,446 -- Step [100/367] | Batch loss: -16.0307
2026-03-25 15:18:48,620 -- Step [200/367] | Batch loss: -18.2410
2026-03-25 15:18:48,792 -- Step [300/367] | Batch loss: -22.2146
2026-03-25 15:18:48,939 -- 
2026-03-25 15:18:48,940 -- Training epoch completed. Validating...
2026-03-25 15:18:49,353 -- 
2026-03-25 15:18:49,353 -- [32m ====== Epoch 4 Summary ====== [0m
2026-03-25 15:18:49,353 -- Training Loss: -18.2247
2026-03-25 15:18:49,353 -- Validation Loss: -24.2524
2026-03-25 15:18:49,409 -- [33m✓ New best model saved with validation loss: -24.2524 [0m
2026-03-25 15:18:49,698 -- 
2026-03-25 15:18:49,698 -- [32m ====== Pseudo-labeling result ====== [0m
2026-03-25 15:18:49,698 -- Confidence threshold: 0.95
2026-03-25 15:18:49,698 -- Pseudo-labeling ratio: 100.00%
2026-03-25 15:18:49,698 -- Total labeled samples: 71172
2026-03-25 15:18:49,698 -- Remaining unlabeled samples: 0
2026-03-25 15:18:49,698 -- 
2026-03-25 15:18:49,698 -- [33m Self-training round [2/3] [0m
2026-03-25 15:18:49,698 -- 
2026-03-25 15:18:49,698 -- [32m ====== Epoch 1/4 (Round 2) ====== [0m
2026-03-25 15:18:49,698 -- Learning rate: 0.000922
2026-03-25 15:18:49,698 -- 
2026-03-25 15:18:49,766 -- Step [1/557] | Batch loss: -12.0212
2026-03-25 15:18:49,960 -- Step [100/557] | Batch loss: -13.3926
2026-03-25 15:18:50,162 -- Step [200/557] | Batch loss: -10.8995
2026-03-25 15:18:50,346 -- Step [300/557] | Batch loss: -13.1767
2026-03-25 15:18:50,531 -- Step [400/557] | Batch loss: -12.6959
2026-03-25 15:18:50,711 -- Step [500/557] | Batch loss: -17.8302
2026-03-25 15:18:50,852 -- 
2026-03-25 15:18:50,853 -- Training epoch completed. Validating...
2026-03-25 15:18:51,258 -- 
2026-03-25 15:18:51,258 -- [32m ====== Epoch 5 Summary ====== [0m
2026-03-25 15:18:51,258 -- Training Loss: -13.9153
2026-03-25 15:18:51,258 -- Validation Loss: -26.5310
2026-03-25 15:18:51,303 -- [33m✓ New best model saved with validation loss: -26.5310 [0m
2026-03-25 15:18:51,304 -- 
2026-03-25 15:18:51,304 -- [32m ====== Epoch 2/4 (Round 2) ====== [0m
2026-03-25 15:18:51,304 -- Learning rate: 0.000904
2026-03-25 15:18:51,304 -- 
2026-03-25 15:18:51,375 -- Step [1/557] | Batch loss: -15.3492
2026-03-25 15:18:51,572 -- Step [100/557] | Batch loss: -20.6749
2026-03-25 15:18:51,757 -- Step [200/557] | Batch loss: -21.9668
2026-03-25 15:18:51,939 -- Step [300/557] | Batch loss: -18.7818
2026-03-25 15:18:52,127 -- Step [400/557] | Batch loss: -19.9671
2026-03-25 15:18:52,316 -- Step [500/557] | Batch loss: -17.8371
2026-03-25 15:18:52,445 -- 
2026-03-25 15:18:52,445 -- Training epoch completed. Validating...
2026-03-25 15:18:52,850 -- 
2026-03-25 15:18:52,850 -- [32m ====== Epoch 6 Summary ====== [0m
2026-03-25 15:18:52,850 -- Training Loss: -19.8322
2026-03-25 15:18:52,850 -- Validation Loss: -38.6146
2026-03-25 15:18:52,896 -- [33m✓ New best model saved with validation loss: -38.6146 [0m
2026-03-25 15:18:52,896 -- 
2026-03-25 15:18:52,896 -- [32m ====== Epoch 3/4 (Round 2) ====== [0m
2026-03-25 15:18:52,896 -- Learning rate: 0.000886
2026-03-25 15:18:52,896 -- 
2026-03-25 15:18:52,957 -- Step [1/557] | Batch loss: -24.6761
2026-03-25 15:18:53,152 -- Step [100/557] | Batch loss: -23.9687
2026-03-25 15:18:53,336 -- Step [200/557] | Batch loss: -28.6033
2026-03-25 15:18:53,518 -- Step [300/557] | Batch loss: -25.6986
2026-03-25 15:18:53,690 -- Step [400/557] | Batch loss: -33.9018
2026-03-25 15:18:53,868 -- Step [500/557] | Batch loss: -30.3380
2026-03-25 15:18:53,993 -- 
2026-03-25 15:18:53,993 -- Training epoch completed. Validating...
2026-03-25 15:18:54,386 -- 
2026-03-25 15:18:54,386 -- [32m ====== Epoch 7 Summary ====== [0m
2026-03-25 15:18:54,386 -- Training Loss: -27.5281
2026-03-25 15:18:54,386 -- Validation Loss: -48.6314
2026-03-25 15:18:54,434 -- [33m✓ New best model saved with validation loss: -48.6314 [0m
2026-03-25 15:18:54,434 -- 
2026-03-25 15:18:54,434 -- [32m ====== Epoch 4/4 (Round 2) ====== [0m
2026-03-25 15:18:54,434 -- Learning rate: 0.000868
2026-03-25 15:18:54,434 -- 
2026-03-25 15:18:54,501 -- Step [1/557] | Batch loss: -30.1308
2026-03-25 15:18:54,711 -- Step [100/557] | Batch loss: -37.9589
2026-03-25 15:18:54,897 -- Step [200/557] | Batch loss: -35.9378
2026-03-25 15:18:55,076 -- Step [300/557] | Batch loss: -33.0817
2026-03-25 15:18:55,274 -- Step [400/557] | Batch loss: -32.3077
2026-03-25 15:18:55,462 -- Step [500/557] | Batch loss: -34.3678
2026-03-25 15:18:55,603 -- 
2026-03-25 15:18:55,604 -- Training epoch completed. Validating...
2026-03-25 15:18:55,985 -- 
2026-03-25 15:18:55,985 -- [32m ====== Epoch 8 Summary ====== [0m
2026-03-25 15:18:55,985 -- Training Loss: -36.9059
2026-03-25 15:18:55,986 -- Validation Loss: -67.4851
2026-03-25 15:18:56,031 -- [33m✓ New best model saved with validation loss: -67.4851 [0m
2026-03-25 15:18:56,031 -- No unlabeled samples for pseudo-labeling.
2026-03-25 15:18:56,031 -- 
2026-03-25 15:18:56,031 -- [32m ====== Pseudo-labeling result ====== [0m
2026-03-25 15:18:56,031 -- Confidence threshold: 0.95
2026-03-25 15:18:56,031 -- Pseudo-labeling ratio: 100.00%
2026-03-25 15:18:56,031 -- Total labeled samples: 71172
2026-03-25 15:18:56,031 -- Remaining unlabeled samples: 0
2026-03-25 15:18:56,031 -- 
2026-03-25 15:18:56,031 -- [33m Self-training round [3/3] [0m
2026-03-25 15:18:56,031 -- 
2026-03-25 15:18:56,031 -- [32m ====== Epoch 1/4 (Round 3) ====== [0m
2026-03-25 15:18:56,031 -- Learning rate: 0.000851
2026-03-25 15:18:56,031 -- 
2026-03-25 15:18:56,094 -- Step [1/557] | Batch loss: -33.1944
2026-03-25 15:18:56,305 -- Step [100/557] | Batch loss: -34.4953
2026-03-25 15:18:56,500 -- Step [200/557] | Batch loss: -40.4789
2026-03-25 15:18:56,685 -- Step [300/557] | Batch loss: -53.8336
2026-03-25 15:18:56,866 -- Step [400/557] | Batch loss: -42.7837
2026-03-25 15:18:57,056 -- Step [500/557] | Batch loss: -50.6581
2026-03-25 15:18:57,192 -- 
2026-03-25 15:18:57,192 -- Training epoch completed. Validating...
2026-03-25 15:18:57,583 -- 
2026-03-25 15:18:57,583 -- [32m ====== Epoch 9 Summary ====== [0m
2026-03-25 15:18:57,583 -- Training Loss: -47.2393
2026-03-25 15:18:57,583 -- Validation Loss: -84.2093
2026-03-25 15:18:57,629 -- [33m✓ New best model saved with validation loss: -84.2093 [0m
2026-03-25 15:18:57,629 -- 
2026-03-25 15:18:57,629 -- [32m ====== Epoch 2/4 (Round 3) ====== [0m
2026-03-25 15:18:57,629 -- Learning rate: 0.000834
2026-03-25 15:18:57,629 -- 
2026-03-25 15:18:57,701 -- Step [1/557] | Batch loss: -43.9573
2026-03-25 15:18:57,903 -- Step [100/557] | Batch loss: -56.1838
2026-03-25 15:18:58,095 -- Step [200/557] | Batch loss: -54.1730
2026-03-25 15:18:58,293 -- Step [300/557] | Batch loss: -59.0780
2026-03-25 15:18:58,471 -- Step [400/557] | Batch loss: -72.4008
2026-03-25 15:18:58,657 -- Step [500/557] | Batch loss: -78.6272
2026-03-25 15:18:58,787 -- 
2026-03-25 15:18:58,787 -- Training epoch completed. Validating...
2026-03-25 15:18:59,184 -- 
2026-03-25 15:18:59,184 -- [32m ====== Epoch 10 Summary ====== [0m
2026-03-25 15:18:59,184 -- Training Loss: -58.9689
2026-03-25 15:18:59,184 -- Validation Loss: -104.6434
2026-03-25 15:18:59,230 -- [33m✓ New best model saved with validation loss: -104.6434 [0m
2026-03-25 15:18:59,230 -- 
2026-03-25 15:18:59,230 -- [32m ====== Epoch 3/4 (Round 3) ====== [0m
2026-03-25 15:18:59,230 -- Learning rate: 0.000817
2026-03-25 15:18:59,230 -- 
2026-03-25 15:18:59,297 -- Step [1/557] | Batch loss: -56.4402
2026-03-25 15:18:59,497 -- Step [100/557] | Batch loss: -64.7761
2026-03-25 15:18:59,686 -- Step [200/557] | Batch loss: -69.5552
2026-03-25 15:18:59,874 -- Step [300/557] | Batch loss: -67.3931
2026-03-25 15:19:00,063 -- Step [400/557] | Batch loss: -68.8847
2026-03-25 15:19:00,247 -- Step [500/557] | Batch loss: -67.8612
2026-03-25 15:19:00,377 -- 
2026-03-25 15:19:00,377 -- Training epoch completed. Validating...
2026-03-25 15:19:00,777 -- 
2026-03-25 15:19:00,777 -- [32m ====== Epoch 11 Summary ====== [0m
2026-03-25 15:19:00,777 -- Training Loss: -71.1598
2026-03-25 15:19:00,777 -- Validation Loss: -123.9505
2026-03-25 15:19:00,823 -- [33m✓ New best model saved with validation loss: -123.9505 [0m
2026-03-25 15:19:00,823 -- 
2026-03-25 15:19:00,823 -- [32m ====== Epoch 4/4 (Round 3) ====== [0m
2026-03-25 15:19:00,823 -- Learning rate: 0.000801
2026-03-25 15:19:00,823 -- 
2026-03-25 15:19:00,886 -- Step [1/557] | Batch loss: -75.4825
2026-03-25 15:19:01,078 -- Step [100/557] | Batch loss: -79.2761
2026-03-25 15:19:01,268 -- Step [200/557] | Batch loss: -73.6478
2026-03-25 15:19:01,447 -- Step [300/557] | Batch loss: -84.6265
2026-03-25 15:19:01,628 -- Step [400/557] | Batch loss: -95.0866
2026-03-25 15:19:01,806 -- Step [500/557] | Batch loss: -85.1760
2026-03-25 15:19:01,940 -- 
2026-03-25 15:19:01,941 -- Training epoch completed. Validating...
2026-03-25 15:19:02,346 -- 
2026-03-25 15:19:02,346 -- [32m ====== Epoch 12 Summary ====== [0m
2026-03-25 15:19:02,346 -- Training Loss: -84.1443
2026-03-25 15:19:02,346 -- Validation Loss: -143.2412
2026-03-25 15:19:02,392 -- [33m✓ New best model saved with validation loss: -143.2412 [0m
2026-03-25 15:19:02,392 -- No unlabeled samples for pseudo-labeling.
2026-03-25 15:19:02,392 -- 
2026-03-25 15:19:02,392 -- [32m ====== Pseudo-labeling result ====== [0m
2026-03-25 15:19:02,392 -- Confidence threshold: 0.95
2026-03-25 15:19:02,392 -- Pseudo-labeling ratio: 100.00%
2026-03-25 15:19:02,392 -- Total labeled samples: 71172
2026-03-25 15:19:02,392 -- Remaining unlabeled samples: 0
2026-03-25 15:19:02,392 -- 
