2026-03-25 21:44:26,777 -- [33m Self-training round [1/3] [0m
2026-03-25 21:44:26,777 -- 
2026-03-25 21:44:26,777 -- [32m ====== Epoch 1/4 (Round 1) ====== [0m
2026-03-25 21:44:26,777 -- Learning rate: 0.001000
2026-03-25 21:44:26,777 -- 
2026-03-25 21:44:26,992 -- Step [1/367] | Batch loss: -9.5179
2026-03-25 21:44:27,193 -- Step [100/367] | Batch loss: -24.1563
2026-03-25 21:44:27,386 -- Step [200/367] | Batch loss: -39.5061
2026-03-25 21:44:27,573 -- Step [300/367] | Batch loss: -67.0742
2026-03-25 21:44:27,716 -- 
2026-03-25 21:44:27,716 -- Training epoch completed. Validating...
2026-03-25 21:44:28,125 -- 
2026-03-25 21:44:28,125 -- [32m ====== Epoch 1 Summary ====== [0m
2026-03-25 21:44:28,126 -- Training Loss: -39.8767
2026-03-25 21:44:28,126 -- Validation Loss: -74.0010
2026-03-25 21:44:28,229 -- [33m✓ New best model saved with validation loss: -74.0010 [0m
2026-03-25 21:44:28,229 -- 
2026-03-25 21:44:28,229 -- [32m ====== Epoch 2/4 (Round 1) ====== [0m
2026-03-25 21:44:28,229 -- Learning rate: 0.000980
2026-03-25 21:44:28,229 -- 
2026-03-25 21:44:28,289 -- Step [1/367] | Batch loss: -75.6937
2026-03-25 21:44:28,492 -- Step [100/367] | Batch loss: -96.3466
2026-03-25 21:44:28,686 -- Step [200/367] | Batch loss: -126.8145
2026-03-25 21:44:28,907 -- Step [300/367] | Batch loss: -157.4469
2026-03-25 21:44:29,053 -- 
2026-03-25 21:44:29,053 -- Training epoch completed. Validating...
2026-03-25 21:44:29,458 -- 
2026-03-25 21:44:29,458 -- [32m ====== Epoch 2 Summary ====== [0m
2026-03-25 21:44:29,458 -- Training Loss: -121.8515
2026-03-25 21:44:29,458 -- Validation Loss: -179.4637
2026-03-25 21:44:29,503 -- [33m✓ New best model saved with validation loss: -179.4637 [0m
2026-03-25 21:44:29,503 -- 
2026-03-25 21:44:29,503 -- [32m ====== Epoch 3/4 (Round 1) ====== [0m
2026-03-25 21:44:29,503 -- Learning rate: 0.000960
2026-03-25 21:44:29,503 -- 
2026-03-25 21:44:29,576 -- Step [1/367] | Batch loss: -177.7328
2026-03-25 21:44:29,776 -- Step [100/367] | Batch loss: -199.2830
2026-03-25 21:44:29,964 -- Step [200/367] | Batch loss: -222.4127
2026-03-25 21:44:30,139 -- Step [300/367] | Batch loss: -287.1314
2026-03-25 21:44:30,293 -- 
2026-03-25 21:44:30,293 -- Training epoch completed. Validating...
2026-03-25 21:44:30,700 -- 
2026-03-25 21:44:30,700 -- [32m ====== Epoch 3 Summary ====== [0m
2026-03-25 21:44:30,700 -- Training Loss: -240.6671
2026-03-25 21:44:30,700 -- Validation Loss: -325.0315
2026-03-25 21:44:30,745 -- [33m✓ New best model saved with validation loss: -325.0315 [0m
2026-03-25 21:44:30,745 -- 
2026-03-25 21:44:30,745 -- [32m ====== Epoch 4/4 (Round 1) ====== [0m
2026-03-25 21:44:30,745 -- Learning rate: 0.000941
2026-03-25 21:44:30,745 -- 
2026-03-25 21:44:30,810 -- Step [1/367] | Batch loss: -292.0543
2026-03-25 21:44:31,007 -- Step [100/367] | Batch loss: -373.3455
2026-03-25 21:44:31,192 -- Step [200/367] | Batch loss: -387.2963
2026-03-25 21:44:31,376 -- Step [300/367] | Batch loss: -458.4964
2026-03-25 21:44:31,532 -- 
2026-03-25 21:44:31,532 -- Training epoch completed. Validating...
2026-03-25 21:44:31,948 -- 
2026-03-25 21:44:31,948 -- [32m ====== Epoch 4 Summary ====== [0m
2026-03-25 21:44:31,948 -- Training Loss: -396.1947
2026-03-25 21:44:31,948 -- Validation Loss: -492.0423
2026-03-25 21:44:31,992 -- [33m✓ New best model saved with validation loss: -492.0423 [0m
2026-03-25 21:44:32,315 -- 
2026-03-25 21:44:32,315 -- [32m ====== Pseudo-labeling result ====== [0m
2026-03-25 21:44:32,315 -- Confidence threshold: 0.95
2026-03-25 21:44:32,315 -- Pseudo-labeling ratio: 100.00%
2026-03-25 21:44:32,315 -- Total labeled samples: 70363
2026-03-25 21:44:32,315 -- Remaining unlabeled samples: 0
2026-03-25 21:44:32,315 -- 
2026-03-25 21:44:32,315 -- [33m Self-training round [2/3] [0m
2026-03-25 21:44:32,315 -- 
2026-03-25 21:44:32,315 -- [32m ====== Epoch 1/4 (Round 2) ====== [0m
2026-03-25 21:44:32,315 -- Learning rate: 0.000922
2026-03-25 21:44:32,315 -- 
2026-03-25 21:44:32,379 -- Step [1/550] | Batch loss: -289.5391
2026-03-25 21:44:32,567 -- Step [100/550] | Batch loss: -315.1712
2026-03-25 21:44:32,757 -- Step [200/550] | Batch loss: -205.6277
2026-03-25 21:44:32,943 -- Step [300/550] | Batch loss: -260.0760
2026-03-25 21:44:33,132 -- Step [400/550] | Batch loss: -312.3012
2026-03-25 21:44:33,318 -- Step [500/550] | Batch loss: -378.8373
2026-03-25 21:44:33,441 -- 
2026-03-25 21:44:33,441 -- Training epoch completed. Validating...
2026-03-25 21:44:33,870 -- 
2026-03-25 21:44:33,870 -- [32m ====== Epoch 5 Summary ====== [0m
2026-03-25 21:44:33,870 -- Training Loss: -313.8785
2026-03-25 21:44:33,870 -- Validation Loss: -559.8188
2026-03-25 21:44:33,915 -- [33m✓ New best model saved with validation loss: -559.8188 [0m
2026-03-25 21:44:33,915 -- 
2026-03-25 21:44:33,915 -- [32m ====== Epoch 2/4 (Round 2) ====== [0m
2026-03-25 21:44:33,915 -- Learning rate: 0.000904
2026-03-25 21:44:33,915 -- 
2026-03-25 21:44:33,977 -- Step [1/550] | Batch loss: -385.1108
2026-03-25 21:44:34,185 -- Step [100/550] | Batch loss: -400.2530
2026-03-25 21:44:34,367 -- Step [200/550] | Batch loss: -468.6114
2026-03-25 21:44:34,553 -- Step [300/550] | Batch loss: -428.8632
2026-03-25 21:44:34,741 -- Step [400/550] | Batch loss: -506.5927
2026-03-25 21:44:34,945 -- Step [500/550] | Batch loss: -347.4562
2026-03-25 21:44:35,065 -- 
2026-03-25 21:44:35,066 -- Training epoch completed. Validating...
2026-03-25 21:44:35,490 -- 
2026-03-25 21:44:35,490 -- [32m ====== Epoch 6 Summary ====== [0m
2026-03-25 21:44:35,490 -- Training Loss: -439.8052
2026-03-25 21:44:35,490 -- Validation Loss: -769.7072
2026-03-25 21:44:35,538 -- [33m✓ New best model saved with validation loss: -769.7072 [0m
2026-03-25 21:44:35,538 -- 
2026-03-25 21:44:35,538 -- [32m ====== Epoch 3/4 (Round 2) ====== [0m
2026-03-25 21:44:35,538 -- Learning rate: 0.000886
2026-03-25 21:44:35,538 -- 
2026-03-25 21:44:35,601 -- Step [1/550] | Batch loss: -549.7472
2026-03-25 21:44:35,821 -- Step [100/550] | Batch loss: -446.7612
2026-03-25 21:44:36,013 -- Step [200/550] | Batch loss: -546.9421
2026-03-25 21:44:36,209 -- Step [300/550] | Batch loss: -630.7256
2026-03-25 21:44:36,396 -- Step [400/550] | Batch loss: -658.7584
2026-03-25 21:44:36,592 -- Step [500/550] | Batch loss: -700.3840
2026-03-25 21:44:36,714 -- 
2026-03-25 21:44:36,714 -- Training epoch completed. Validating...
2026-03-25 21:44:37,160 -- 
2026-03-25 21:44:37,160 -- [32m ====== Epoch 7 Summary ====== [0m
2026-03-25 21:44:37,160 -- Training Loss: -603.8919
2026-03-25 21:44:37,160 -- Validation Loss: -1047.9030
2026-03-25 21:44:37,206 -- [33m✓ New best model saved with validation loss: -1047.9030 [0m
2026-03-25 21:44:37,206 -- 
2026-03-25 21:44:37,206 -- [32m ====== Epoch 4/4 (Round 2) ====== [0m
2026-03-25 21:44:37,206 -- Learning rate: 0.000868
2026-03-25 21:44:37,207 -- 
2026-03-25 21:44:37,265 -- Step [1/550] | Batch loss: -756.5533
2026-03-25 21:44:37,464 -- Step [100/550] | Batch loss: -708.0537
2026-03-25 21:44:37,649 -- Step [200/550] | Batch loss: -838.6681
2026-03-25 21:44:37,849 -- Step [300/550] | Batch loss: -900.3092
2026-03-25 21:44:38,038 -- Step [400/550] | Batch loss: -673.0078
2026-03-25 21:44:38,221 -- Step [500/550] | Batch loss: -889.5352
2026-03-25 21:44:38,355 -- 
2026-03-25 21:44:38,355 -- Training epoch completed. Validating...
2026-03-25 21:44:38,775 -- 
2026-03-25 21:44:38,775 -- [32m ====== Epoch 8 Summary ====== [0m
2026-03-25 21:44:38,775 -- Training Loss: -799.9804
2026-03-25 21:44:38,775 -- Validation Loss: -1327.5305
2026-03-25 21:44:38,822 -- [33m✓ New best model saved with validation loss: -1327.5305 [0m
2026-03-25 21:44:38,822 -- No unlabeled samples for pseudo-labeling.
2026-03-25 21:44:38,822 -- 
2026-03-25 21:44:38,822 -- [32m ====== Pseudo-labeling result ====== [0m
2026-03-25 21:44:38,822 -- Confidence threshold: 0.95
2026-03-25 21:44:38,822 -- Pseudo-labeling ratio: 100.00%
2026-03-25 21:44:38,822 -- Total labeled samples: 70363
2026-03-25 21:44:38,822 -- Remaining unlabeled samples: 0
2026-03-25 21:44:38,822 -- 
2026-03-25 21:44:38,822 -- [33m Self-training round [3/3] [0m
2026-03-25 21:44:38,822 -- 
2026-03-25 21:44:38,822 -- [32m ====== Epoch 1/4 (Round 3) ====== [0m
2026-03-25 21:44:38,822 -- Learning rate: 0.000851
2026-03-25 21:44:38,822 -- 
2026-03-25 21:44:38,889 -- Step [1/550] | Batch loss: -897.9890
2026-03-25 21:44:39,074 -- Step [100/550] | Batch loss: -853.1911
2026-03-25 21:44:39,279 -- Step [200/550] | Batch loss: -1051.2392
2026-03-25 21:44:39,463 -- Step [300/550] | Batch loss: -1113.0455
2026-03-25 21:44:39,642 -- Step [400/550] | Batch loss: -1097.8828
2026-03-25 21:44:39,832 -- Step [500/550] | Batch loss: -919.3857
2026-03-25 21:44:39,955 -- 
2026-03-25 21:44:39,955 -- Training epoch completed. Validating...
2026-03-25 21:44:40,362 -- 
2026-03-25 21:44:40,363 -- [32m ====== Epoch 9 Summary ====== [0m
2026-03-25 21:44:40,363 -- Training Loss: -1027.0405
2026-03-25 21:44:40,363 -- Validation Loss: -1719.4288
2026-03-25 21:44:40,409 -- [33m✓ New best model saved with validation loss: -1719.4288 [0m
2026-03-25 21:44:40,409 -- 
2026-03-25 21:44:40,409 -- [32m ====== Epoch 2/4 (Round 3) ====== [0m
2026-03-25 21:44:40,409 -- Learning rate: 0.000834
2026-03-25 21:44:40,409 -- 
2026-03-25 21:44:40,477 -- Step [1/550] | Batch loss: -1424.1244
2026-03-25 21:44:40,684 -- Step [100/550] | Batch loss: -1068.2970
2026-03-25 21:44:40,892 -- Step [200/550] | Batch loss: -909.9105
2026-03-25 21:44:41,089 -- Step [300/550] | Batch loss: -1074.6788
2026-03-25 21:44:41,279 -- Step [400/550] | Batch loss: -1087.8959
2026-03-25 21:44:41,467 -- Step [500/550] | Batch loss: -1527.9189
2026-03-25 21:44:41,597 -- 
2026-03-25 21:44:41,597 -- Training epoch completed. Validating...
2026-03-25 21:44:41,999 -- 
2026-03-25 21:44:41,999 -- [32m ====== Epoch 10 Summary ====== [0m
2026-03-25 21:44:41,999 -- Training Loss: -1271.3836
2026-03-25 21:44:41,999 -- Validation Loss: -2078.8404
2026-03-25 21:44:42,045 -- [33m✓ New best model saved with validation loss: -2078.8404 [0m
2026-03-25 21:44:42,045 -- 
2026-03-25 21:44:42,045 -- [32m ====== Epoch 3/4 (Round 3) ====== [0m
2026-03-25 21:44:42,045 -- Learning rate: 0.000817
2026-03-25 21:44:42,045 -- 
2026-03-25 21:44:42,117 -- Step [1/550] | Batch loss: -1105.5657
2026-03-25 21:44:42,341 -- Step [100/550] | Batch loss: -1726.7134
2026-03-25 21:44:42,523 -- Step [200/550] | Batch loss: -1449.5856
2026-03-25 21:44:42,701 -- Step [300/550] | Batch loss: -1401.9009
2026-03-25 21:44:42,888 -- Step [400/550] | Batch loss: -1600.4881
2026-03-25 21:44:43,068 -- Step [500/550] | Batch loss: -1493.5412
2026-03-25 21:44:43,191 -- 
2026-03-25 21:44:43,191 -- Training epoch completed. Validating...
2026-03-25 21:44:43,628 -- 
2026-03-25 21:44:43,628 -- [32m ====== Epoch 11 Summary ====== [0m
2026-03-25 21:44:43,628 -- Training Loss: -1537.9806
2026-03-25 21:44:43,628 -- Validation Loss: -2503.7778
2026-03-25 21:44:43,675 -- [33m✓ New best model saved with validation loss: -2503.7778 [0m
2026-03-25 21:44:43,675 -- 
2026-03-25 21:44:43,675 -- [32m ====== Epoch 4/4 (Round 3) ====== [0m
2026-03-25 21:44:43,675 -- Learning rate: 0.000801
2026-03-25 21:44:43,675 -- 
2026-03-25 21:44:43,753 -- Step [1/550] | Batch loss: -1962.5510
2026-03-25 21:44:43,972 -- Step [100/550] | Batch loss: -2018.5598
2026-03-25 21:44:44,161 -- Step [200/550] | Batch loss: -1416.9780
2026-03-25 21:44:44,339 -- Step [300/550] | Batch loss: -1944.2114
2026-03-25 21:44:44,518 -- Step [400/550] | Batch loss: -1909.9699
2026-03-25 21:44:44,707 -- Step [500/550] | Batch loss: -1459.6845
2026-03-25 21:44:44,845 -- 
2026-03-25 21:44:44,846 -- Training epoch completed. Validating...
2026-03-25 21:44:45,265 -- 
2026-03-25 21:44:45,265 -- [32m ====== Epoch 12 Summary ====== [0m
2026-03-25 21:44:45,265 -- Training Loss: -1804.5021
2026-03-25 21:44:45,265 -- Validation Loss: -2916.1193
2026-03-25 21:44:45,310 -- [33m✓ New best model saved with validation loss: -2916.1193 [0m
2026-03-25 21:44:45,310 -- No unlabeled samples for pseudo-labeling.
2026-03-25 21:44:45,310 -- 
2026-03-25 21:44:45,310 -- [32m ====== Pseudo-labeling result ====== [0m
2026-03-25 21:44:45,310 -- Confidence threshold: 0.95
2026-03-25 21:44:45,310 -- Pseudo-labeling ratio: 100.00%
2026-03-25 21:44:45,310 -- Total labeled samples: 70363
2026-03-25 21:44:45,310 -- Remaining unlabeled samples: 0
2026-03-25 21:44:45,310 -- 
