2026-03-25 15:08:45,961 -- [33m Self-training round [1/3] [0m
2026-03-25 15:08:45,961 -- 
2026-03-25 15:08:45,961 -- [32m ====== Epoch 1/4 (Round 1) ====== [0m
2026-03-25 15:08:45,961 -- Learning rate: 0.001000
2026-03-25 15:08:45,961 -- 
2026-03-25 15:08:46,183 -- Step [1/367] | Batch loss: 0.1645
2026-03-25 15:08:46,374 -- Step [100/367] | Batch loss: -0.6415
2026-03-25 15:08:46,561 -- Step [200/367] | Batch loss: -1.3246
2026-03-25 15:08:46,736 -- Step [300/367] | Batch loss: -1.9799
2026-03-25 15:08:46,878 -- 
2026-03-25 15:08:46,878 -- Training epoch completed. Validating...
2026-03-25 15:08:47,267 -- 
2026-03-25 15:08:47,268 -- [32m ====== Epoch 1 Summary ====== [0m
2026-03-25 15:08:47,268 -- Training Loss: -1.1834
2026-03-25 15:08:47,268 -- Validation Loss: -2.8233
2026-03-25 15:08:47,368 -- [33m✓ New best model saved with validation loss: -2.8233 [0m
2026-03-25 15:08:47,368 -- 
2026-03-25 15:08:47,368 -- [32m ====== Epoch 2/4 (Round 1) ====== [0m
2026-03-25 15:08:47,368 -- Learning rate: 0.000980
2026-03-25 15:08:47,368 -- 
2026-03-25 15:08:47,432 -- Step [1/367] | Batch loss: -2.5816
2026-03-25 15:08:47,613 -- Step [100/367] | Batch loss: -3.5389
2026-03-25 15:08:47,785 -- Step [200/367] | Batch loss: -4.7116
2026-03-25 15:08:47,955 -- Step [300/367] | Batch loss: -6.1607
2026-03-25 15:08:48,094 -- 
2026-03-25 15:08:48,094 -- Training epoch completed. Validating...
2026-03-25 15:08:48,489 -- 
2026-03-25 15:08:48,489 -- [32m ====== Epoch 2 Summary ====== [0m
2026-03-25 15:08:48,489 -- Training Loss: -4.7962
2026-03-25 15:08:48,489 -- Validation Loss: -7.6313
2026-03-25 15:08:48,534 -- [33m✓ New best model saved with validation loss: -7.6313 [0m
2026-03-25 15:08:48,534 -- 
2026-03-25 15:08:48,534 -- [32m ====== Epoch 3/4 (Round 1) ====== [0m
2026-03-25 15:08:48,534 -- Learning rate: 0.000960
2026-03-25 15:08:48,534 -- 
2026-03-25 15:08:48,591 -- Step [1/367] | Batch loss: -8.0912
2026-03-25 15:08:48,788 -- Step [100/367] | Batch loss: -8.9509
2026-03-25 15:08:48,986 -- Step [200/367] | Batch loss: -10.5738
2026-03-25 15:08:49,181 -- Step [300/367] | Batch loss: -13.2530
2026-03-25 15:08:49,322 -- 
2026-03-25 15:08:49,322 -- Training epoch completed. Validating...
2026-03-25 15:08:49,712 -- 
2026-03-25 15:08:49,712 -- [32m ====== Epoch 3 Summary ====== [0m
2026-03-25 15:08:49,712 -- Training Loss: -10.4696
2026-03-25 15:08:49,713 -- Validation Loss: -15.0171
2026-03-25 15:08:49,759 -- [33m✓ New best model saved with validation loss: -15.0171 [0m
2026-03-25 15:08:49,759 -- 
2026-03-25 15:08:49,759 -- [32m ====== Epoch 4/4 (Round 1) ====== [0m
2026-03-25 15:08:49,759 -- Learning rate: 0.000941
2026-03-25 15:08:49,759 -- 
2026-03-25 15:08:49,828 -- Step [1/367] | Batch loss: -13.7885
2026-03-25 15:08:50,010 -- Step [100/367] | Batch loss: -16.0307
2026-03-25 15:08:50,187 -- Step [200/367] | Batch loss: -18.2410
2026-03-25 15:08:50,372 -- Step [300/367] | Batch loss: -22.2146
2026-03-25 15:08:50,506 -- 
2026-03-25 15:08:50,506 -- Training epoch completed. Validating...
2026-03-25 15:08:50,912 -- 
2026-03-25 15:08:50,912 -- [32m ====== Epoch 4 Summary ====== [0m
2026-03-25 15:08:50,912 -- Training Loss: -18.2247
2026-03-25 15:08:50,912 -- Validation Loss: -24.2524
2026-03-25 15:08:50,956 -- [33m✓ New best model saved with validation loss: -24.2524 [0m
2026-03-25 15:08:51,253 -- 
2026-03-25 15:08:51,254 -- [32m ====== Pseudo-labeling result ====== [0m
2026-03-25 15:08:51,254 -- Confidence threshold: 0.95
2026-03-25 15:08:51,254 -- Pseudo-labeling ratio: 100.00%
2026-03-25 15:08:51,254 -- Total labeled samples: 71172
2026-03-25 15:08:51,254 -- Remaining unlabeled samples: 0
2026-03-25 15:08:51,254 -- 
2026-03-25 15:08:51,254 -- [33m Self-training round [2/3] [0m
2026-03-25 15:08:51,254 -- 
2026-03-25 15:08:51,254 -- [32m ====== Epoch 1/4 (Round 2) ====== [0m
2026-03-25 15:08:51,254 -- Learning rate: 0.000922
2026-03-25 15:08:51,254 -- 
