2026-03-23 17:41:17,885 -- [33m Self-training round [1/3] [0m
2026-03-23 17:41:17,885 -- 
2026-03-23 17:41:17,885 -- [32m ====== Epoch 1/4 (Round 1) ====== [0m
2026-03-23 17:41:17,885 -- Learning rate: 0.001000
2026-03-23 17:41:17,885 -- 
2026-03-23 17:41:18,109 -- Step [1/367] | Batch loss: 0.1645
2026-03-23 17:41:18,294 -- Step [100/367] | Batch loss: -0.6415
2026-03-23 17:41:18,478 -- Step [200/367] | Batch loss: -1.3246
2026-03-23 17:41:18,676 -- Step [300/367] | Batch loss: -1.9799
2026-03-23 17:41:18,822 -- 
2026-03-23 17:41:18,823 -- Training epoch completed. Validating...
2026-03-23 17:41:19,236 -- 
2026-03-23 17:41:19,236 -- [32m ====== Epoch 1 Summary ====== [0m
2026-03-23 17:41:19,236 -- Training Loss: -1.1834
2026-03-23 17:41:19,236 -- Validation Loss: -2.8233
2026-03-23 17:41:19,340 -- [33m✓ New best model saved with validation loss: -2.8233 [0m
2026-03-23 17:41:19,340 -- 
2026-03-23 17:41:19,340 -- [32m ====== Epoch 2/4 (Round 1) ====== [0m
2026-03-23 17:41:19,340 -- Learning rate: 0.000980
2026-03-23 17:41:19,340 -- 
2026-03-23 17:41:19,395 -- Step [1/367] | Batch loss: -2.5816
2026-03-23 17:41:19,587 -- Step [100/367] | Batch loss: -3.5389
2026-03-23 17:41:19,762 -- Step [200/367] | Batch loss: -4.7116
2026-03-23 17:41:19,953 -- Step [300/367] | Batch loss: -6.1607
2026-03-23 17:41:20,103 -- 
2026-03-23 17:41:20,103 -- Training epoch completed. Validating...
2026-03-23 17:41:20,502 -- 
2026-03-23 17:41:20,502 -- [32m ====== Epoch 2 Summary ====== [0m
2026-03-23 17:41:20,502 -- Training Loss: -4.7962
2026-03-23 17:41:20,502 -- Validation Loss: -7.6313
2026-03-23 17:41:20,548 -- [33m✓ New best model saved with validation loss: -7.6313 [0m
2026-03-23 17:41:20,548 -- 
2026-03-23 17:41:20,548 -- [32m ====== Epoch 3/4 (Round 1) ====== [0m
2026-03-23 17:41:20,548 -- Learning rate: 0.000960
2026-03-23 17:41:20,548 -- 
2026-03-23 17:41:20,613 -- Step [1/367] | Batch loss: -8.0912
2026-03-23 17:41:20,822 -- Step [100/367] | Batch loss: -8.9509
2026-03-23 17:41:21,009 -- Step [200/367] | Batch loss: -10.5738
2026-03-23 17:41:21,203 -- Step [300/367] | Batch loss: -13.2530
2026-03-23 17:41:21,347 -- 
2026-03-23 17:41:21,347 -- Training epoch completed. Validating...
2026-03-23 17:41:21,768 -- 
2026-03-23 17:41:21,768 -- [32m ====== Epoch 3 Summary ====== [0m
2026-03-23 17:41:21,768 -- Training Loss: -10.4696
2026-03-23 17:41:21,768 -- Validation Loss: -15.0171
2026-03-23 17:41:21,814 -- [33m✓ New best model saved with validation loss: -15.0171 [0m
2026-03-23 17:41:21,814 -- 
2026-03-23 17:41:21,814 -- [32m ====== Epoch 4/4 (Round 1) ====== [0m
2026-03-23 17:41:21,814 -- Learning rate: 0.000941
2026-03-23 17:41:21,814 -- 
2026-03-23 17:41:21,881 -- Step [1/367] | Batch loss: -13.7885
2026-03-23 17:41:22,077 -- Step [100/367] | Batch loss: -16.0307
2026-03-23 17:41:22,257 -- Step [200/367] | Batch loss: -18.2410
2026-03-23 17:41:22,423 -- Step [300/367] | Batch loss: -22.2146
2026-03-23 17:41:22,566 -- 
2026-03-23 17:41:22,566 -- Training epoch completed. Validating...
2026-03-23 17:41:22,979 -- 
2026-03-23 17:41:22,979 -- [32m ====== Epoch 4 Summary ====== [0m
2026-03-23 17:41:22,980 -- Training Loss: -18.2247
2026-03-23 17:41:22,980 -- Validation Loss: -24.2524
2026-03-23 17:41:23,024 -- [33m✓ New best model saved with validation loss: -24.2524 [0m
2026-03-23 17:41:23,328 -- 
2026-03-23 17:41:23,328 -- [32m ====== Pseudo-labeling result ====== [0m
2026-03-23 17:41:23,328 -- Confidence threshold: 0.95
2026-03-23 17:41:23,328 -- Pseudo-labeling ratio: 100.00%
2026-03-23 17:41:23,328 -- Total labeled samples: 71172
2026-03-23 17:41:23,328 -- Remaining unlabeled samples: 0
2026-03-23 17:41:23,328 -- 
2026-03-23 17:41:23,328 -- [33m Self-training round [2/3] [0m
2026-03-23 17:41:23,328 -- 
2026-03-23 17:41:23,328 -- [32m ====== Epoch 1/4 (Round 2) ====== [0m
2026-03-23 17:41:23,328 -- Learning rate: 0.000922
2026-03-23 17:41:23,328 -- 
