2026-03-25 23:06:01,422 -- [33m Self-training round [1/3] [0m
2026-03-25 23:06:01,422 -- 
2026-03-25 23:06:01,422 -- [32m ====== Epoch 1/4 (Round 1) ====== [0m
2026-03-25 23:06:01,423 -- Learning rate: 0.001000
2026-03-25 23:06:01,423 -- 
2026-03-25 23:06:01,608 -- Step [1/183] | Batch loss: 2.1183
2026-03-25 23:06:01,840 -- Step [100/183] | Batch loss: 1.0578
2026-03-25 23:06:02,018 -- 
2026-03-25 23:06:02,018 -- Training epoch completed. Validating...
2026-03-25 23:06:02,408 -- 
2026-03-25 23:06:02,408 -- [32m ====== Epoch 1 Summary ====== [0m
2026-03-25 23:06:02,408 -- Training Loss: 1.1464
2026-03-25 23:06:02,408 -- Validation Loss: 49.3168
2026-03-25 23:06:02,491 -- [33m✓ New best model saved with validation loss: 49.3168 [0m
2026-03-25 23:06:02,491 -- 
2026-03-25 23:06:02,491 -- [32m ====== Epoch 2/4 (Round 1) ====== [0m
2026-03-25 23:06:02,491 -- Learning rate: 0.000980
2026-03-25 23:06:02,491 -- 
2026-03-25 23:06:02,536 -- Step [1/183] | Batch loss: 1.0661
2026-03-25 23:06:02,796 -- Step [100/183] | Batch loss: 1.1623
2026-03-25 23:06:03,000 -- 
2026-03-25 23:06:03,000 -- Training epoch completed. Validating...
2026-03-25 23:06:03,468 -- 
2026-03-25 23:06:03,468 -- [32m ====== Epoch 2 Summary ====== [0m
2026-03-25 23:06:03,468 -- Training Loss: 0.5962
2026-03-25 23:06:03,468 -- Validation Loss: 75.2603
2026-03-25 23:06:03,492 -- 
2026-03-25 23:06:03,492 -- [32m ====== Epoch 3/4 (Round 1) ====== [0m
2026-03-25 23:06:03,492 -- Learning rate: 0.000960
2026-03-25 23:06:03,492 -- 
2026-03-25 23:06:03,547 -- Step [1/183] | Batch loss: 0.3949
2026-03-25 23:06:03,791 -- Step [100/183] | Batch loss: 0.3757
2026-03-25 23:06:03,997 -- 
2026-03-25 23:06:03,997 -- Training epoch completed. Validating...
2026-03-25 23:06:04,403 -- 
2026-03-25 23:06:04,403 -- [32m ====== Epoch 3 Summary ====== [0m
2026-03-25 23:06:04,403 -- Training Loss: 0.3974
2026-03-25 23:06:04,404 -- Validation Loss: 76.0466
2026-03-25 23:06:04,427 -- 
2026-03-25 23:06:04,427 -- [32m ====== Epoch 4/4 (Round 1) ====== [0m
2026-03-25 23:06:04,427 -- Learning rate: 0.000941
2026-03-25 23:06:04,427 -- 
2026-03-25 23:06:04,463 -- Step [1/183] | Batch loss: 0.2205
2026-03-25 23:06:04,683 -- Step [100/183] | Batch loss: 0.2030
2026-03-25 23:06:04,890 -- 
2026-03-25 23:06:04,890 -- Training epoch completed. Validating...
2026-03-25 23:06:05,307 -- 
2026-03-25 23:06:05,307 -- [32m ====== Epoch 4 Summary ====== [0m
2026-03-25 23:06:05,307 -- Training Loss: 0.2803
2026-03-25 23:06:05,308 -- Validation Loss: 78.7283
2026-03-25 23:06:05,624 -- 
2026-03-25 23:06:05,624 -- [32m ====== Pseudo-labeling result ====== [0m
2026-03-25 23:06:05,624 -- Confidence threshold: 0.95
2026-03-25 23:06:05,624 -- Pseudo-labeling ratio: 98.38%
2026-03-25 23:06:05,624 -- Total labeled samples: 46487
2026-03-25 23:06:05,624 -- Remaining unlabeled samples: 380
2026-03-25 23:06:05,624 -- 
2026-03-25 23:06:05,625 -- [33m Self-training round [2/3] [0m
2026-03-25 23:06:05,625 -- 
2026-03-25 23:06:05,625 -- [32m ====== Epoch 1/4 (Round 2) ====== [0m
2026-03-25 23:06:05,625 -- Learning rate: 0.000922
2026-03-25 23:06:05,625 -- 
2026-03-25 23:06:05,699 -- Step [1/364] | Batch loss: 46.7622
2026-03-25 23:06:05,934 -- Step [100/364] | Batch loss: 4.2589
2026-03-25 23:06:06,133 -- Step [200/364] | Batch loss: 1.9108
2026-03-25 23:06:06,327 -- Step [300/364] | Batch loss: 2.7621
2026-03-25 23:06:06,485 -- 
2026-03-25 23:06:06,485 -- Training epoch completed. Validating...
2026-03-25 23:06:06,925 -- 
2026-03-25 23:06:06,925 -- [32m ====== Epoch 5 Summary ====== [0m
2026-03-25 23:06:06,925 -- Training Loss: 6.1441
2026-03-25 23:06:06,925 -- Validation Loss: 4.8057
2026-03-25 23:06:06,970 -- [33m✓ New best model saved with validation loss: 4.8057 [0m
2026-03-25 23:06:06,970 -- 
2026-03-25 23:06:06,970 -- [32m ====== Epoch 2/4 (Round 2) ====== [0m
2026-03-25 23:06:06,970 -- Learning rate: 0.000904
2026-03-25 23:06:06,970 -- 
2026-03-25 23:06:07,034 -- Step [1/364] | Batch loss: 1.9037
2026-03-25 23:06:07,246 -- Step [100/364] | Batch loss: 1.1674
2026-03-25 23:06:07,456 -- Step [200/364] | Batch loss: 1.6462
2026-03-25 23:06:07,654 -- Step [300/364] | Batch loss: 0.8870
2026-03-25 23:06:07,836 -- 
2026-03-25 23:06:07,836 -- Training epoch completed. Validating...
2026-03-25 23:06:08,247 -- 
2026-03-25 23:06:08,248 -- [32m ====== Epoch 6 Summary ====== [0m
2026-03-25 23:06:08,248 -- Training Loss: 1.4301
2026-03-25 23:06:08,248 -- Validation Loss: 5.2155
2026-03-25 23:06:08,272 -- 
2026-03-25 23:06:08,272 -- [32m ====== Epoch 3/4 (Round 2) ====== [0m
2026-03-25 23:06:08,272 -- Learning rate: 0.000886
2026-03-25 23:06:08,272 -- 
2026-03-25 23:06:08,338 -- Step [1/364] | Batch loss: 1.5737
2026-03-25 23:06:08,537 -- Step [100/364] | Batch loss: 1.4389
2026-03-25 23:06:08,761 -- Step [200/364] | Batch loss: 1.5755
2026-03-25 23:06:08,973 -- Step [300/364] | Batch loss: 0.5373
2026-03-25 23:06:09,122 -- 
2026-03-25 23:06:09,123 -- Training epoch completed. Validating...
2026-03-25 23:06:09,548 -- 
2026-03-25 23:06:09,548 -- [32m ====== Epoch 7 Summary ====== [0m
2026-03-25 23:06:09,549 -- Training Loss: 0.9399
2026-03-25 23:06:09,549 -- Validation Loss: 5.8468
2026-03-25 23:06:09,571 -- 
2026-03-25 23:06:09,571 -- [32m ====== Epoch 4/4 (Round 2) ====== [0m
2026-03-25 23:06:09,571 -- Learning rate: 0.000868
2026-03-25 23:06:09,571 -- 
2026-03-25 23:06:09,630 -- Step [1/364] | Batch loss: 0.6215
2026-03-25 23:06:09,858 -- Step [100/364] | Batch loss: 0.6371
