2026-03-25 23:09:16,880 -- [33m Self-training round [1/3] [0m
2026-03-25 23:09:16,880 -- 
2026-03-25 23:09:16,880 -- [32m ====== Epoch 1/4 (Round 1) ====== [0m
2026-03-25 23:09:16,880 -- Learning rate: 0.001000
2026-03-25 23:09:16,880 -- 
2026-03-25 23:09:17,026 -- Step [1/183] | Batch loss: 2.1183
2026-03-25 23:09:17,208 -- Step [100/183] | Batch loss: 1.0578
2026-03-25 23:09:17,369 -- 
2026-03-25 23:09:17,369 -- Training epoch completed. Validating...
2026-03-25 23:09:17,792 -- 
2026-03-25 23:09:17,793 -- [32m ====== Epoch 1 Summary ====== [0m
2026-03-25 23:09:17,793 -- Training Loss: 1.1464
2026-03-25 23:09:17,793 -- Validation Loss: 49.3168
2026-03-25 23:09:17,876 -- [33m✓ New best model saved with validation loss: 49.3168 [0m
2026-03-25 23:09:17,876 -- 
2026-03-25 23:09:17,876 -- [32m ====== Epoch 2/4 (Round 1) ====== [0m
2026-03-25 23:09:17,876 -- Learning rate: 0.000980
2026-03-25 23:09:17,876 -- 
2026-03-25 23:09:17,922 -- Step [1/183] | Batch loss: 1.0661
2026-03-25 23:09:18,111 -- Step [100/183] | Batch loss: 1.1623
2026-03-25 23:09:18,282 -- 
2026-03-25 23:09:18,282 -- Training epoch completed. Validating...
2026-03-25 23:09:18,675 -- 
2026-03-25 23:09:18,675 -- [32m ====== Epoch 2 Summary ====== [0m
2026-03-25 23:09:18,675 -- Training Loss: 0.5962
2026-03-25 23:09:18,675 -- Validation Loss: 75.2603
2026-03-25 23:09:18,700 -- 
2026-03-25 23:09:18,700 -- [32m ====== Epoch 3/4 (Round 1) ====== [0m
2026-03-25 23:09:18,700 -- Learning rate: 0.000960
2026-03-25 23:09:18,700 -- 
2026-03-25 23:09:18,741 -- Step [1/183] | Batch loss: 0.3949
2026-03-25 23:09:18,929 -- Step [100/183] | Batch loss: 0.3757
2026-03-25 23:09:19,109 -- 
2026-03-25 23:09:19,109 -- Training epoch completed. Validating...
2026-03-25 23:09:19,509 -- 
2026-03-25 23:09:19,510 -- [32m ====== Epoch 3 Summary ====== [0m
2026-03-25 23:09:19,510 -- Training Loss: 0.3974
2026-03-25 23:09:19,510 -- Validation Loss: 76.0466
2026-03-25 23:09:19,534 -- 
2026-03-25 23:09:19,534 -- [32m ====== Epoch 4/4 (Round 1) ====== [0m
2026-03-25 23:09:19,534 -- Learning rate: 0.000941
2026-03-25 23:09:19,534 -- 
2026-03-25 23:09:19,580 -- Step [1/183] | Batch loss: 0.2205
2026-03-25 23:09:19,772 -- Step [100/183] | Batch loss: 0.2030
2026-03-25 23:09:19,947 -- 
2026-03-25 23:09:19,947 -- Training epoch completed. Validating...
2026-03-25 23:09:20,343 -- 
2026-03-25 23:09:20,344 -- [32m ====== Epoch 4 Summary ====== [0m
2026-03-25 23:09:20,344 -- Training Loss: 0.2803
2026-03-25 23:09:20,344 -- Validation Loss: 78.7283
2026-03-25 23:09:20,665 -- 
2026-03-25 23:09:20,665 -- [32m ====== Pseudo-labeling result ====== [0m
2026-03-25 23:09:20,665 -- Confidence threshold: 0.95
2026-03-25 23:09:20,665 -- Pseudo-labeling ratio: 98.38%
2026-03-25 23:09:20,665 -- Total labeled samples: 46487
2026-03-25 23:09:20,665 -- Remaining unlabeled samples: 380
2026-03-25 23:09:20,665 -- 
2026-03-25 23:09:20,665 -- [33m Self-training round [2/3] [0m
2026-03-25 23:09:20,665 -- 
2026-03-25 23:09:20,665 -- [32m ====== Epoch 1/4 (Round 2) ====== [0m
2026-03-25 23:09:20,666 -- Learning rate: 0.000922
2026-03-25 23:09:20,666 -- 
2026-03-25 23:09:20,728 -- Step [1/364] | Batch loss: 46.7622
2026-03-25 23:09:20,915 -- Step [100/364] | Batch loss: 4.2589
2026-03-25 23:09:21,100 -- Step [200/364] | Batch loss: 1.9108
2026-03-25 23:09:21,297 -- Step [300/364] | Batch loss: 2.7621
2026-03-25 23:09:21,456 -- 
2026-03-25 23:09:21,456 -- Training epoch completed. Validating...
2026-03-25 23:09:21,853 -- 
2026-03-25 23:09:21,853 -- [32m ====== Epoch 5 Summary ====== [0m
2026-03-25 23:09:21,853 -- Training Loss: 6.1441
2026-03-25 23:09:21,853 -- Validation Loss: 4.8057
2026-03-25 23:09:21,899 -- [33m✓ New best model saved with validation loss: 4.8057 [0m
2026-03-25 23:09:21,899 -- 
2026-03-25 23:09:21,899 -- [32m ====== Epoch 2/4 (Round 2) ====== [0m
2026-03-25 23:09:21,899 -- Learning rate: 0.000904
2026-03-25 23:09:21,899 -- 
2026-03-25 23:09:21,968 -- Step [1/364] | Batch loss: 1.9037
2026-03-25 23:09:22,149 -- Step [100/364] | Batch loss: 1.1674
2026-03-25 23:09:22,323 -- Step [200/364] | Batch loss: 1.6462
2026-03-25 23:09:22,503 -- Step [300/364] | Batch loss: 0.8870
2026-03-25 23:09:22,650 -- 
2026-03-25 23:09:22,650 -- Training epoch completed. Validating...
2026-03-25 23:09:23,063 -- 
2026-03-25 23:09:23,063 -- [32m ====== Epoch 6 Summary ====== [0m
2026-03-25 23:09:23,063 -- Training Loss: 1.4301
2026-03-25 23:09:23,063 -- Validation Loss: 5.2155
2026-03-25 23:09:23,086 -- 
2026-03-25 23:09:23,086 -- [32m ====== Epoch 3/4 (Round 2) ====== [0m
2026-03-25 23:09:23,086 -- Learning rate: 0.000886
2026-03-25 23:09:23,086 -- 
2026-03-25 23:09:23,142 -- Step [1/364] | Batch loss: 1.5737
2026-03-25 23:09:23,332 -- Step [100/364] | Batch loss: 1.4389
2026-03-25 23:09:23,509 -- Step [200/364] | Batch loss: 1.5755
2026-03-25 23:09:23,687 -- Step [300/364] | Batch loss: 0.5373
2026-03-25 23:09:23,848 -- 
2026-03-25 23:09:23,848 -- Training epoch completed. Validating...
2026-03-25 23:09:24,262 -- 
2026-03-25 23:09:24,263 -- [32m ====== Epoch 7 Summary ====== [0m
2026-03-25 23:09:24,263 -- Training Loss: 0.9399
2026-03-25 23:09:24,263 -- Validation Loss: 5.8468
2026-03-25 23:09:24,286 -- 
2026-03-25 23:09:24,286 -- [32m ====== Epoch 4/4 (Round 2) ====== [0m
2026-03-25 23:09:24,286 -- Learning rate: 0.000868
2026-03-25 23:09:24,286 -- 
2026-03-25 23:09:24,345 -- Step [1/364] | Batch loss: 0.6215
2026-03-25 23:09:24,530 -- Step [100/364] | Batch loss: 0.6371
2026-03-25 23:09:24,708 -- Step [200/364] | Batch loss: 0.5564
2026-03-25 23:09:24,914 -- Step [300/364] | Batch loss: 0.4903
2026-03-25 23:09:25,061 -- 
2026-03-25 23:09:25,061 -- Training epoch completed. Validating...
2026-03-25 23:09:25,461 -- 
2026-03-25 23:09:25,462 -- [32m ====== Epoch 8 Summary ====== [0m
2026-03-25 23:09:25,462 -- Training Loss: 0.7107
2026-03-25 23:09:25,462 -- Validation Loss: 6.4963
2026-03-25 23:09:25,554 -- 
2026-03-25 23:09:25,554 -- [32m ====== Pseudo-labeling result ====== [0m
2026-03-25 23:09:25,554 -- Confidence threshold: 0.95
2026-03-25 23:09:25,554 -- Pseudo-labeling ratio: 91.32%
2026-03-25 23:09:25,554 -- Total labeled samples: 46834
2026-03-25 23:09:25,554 -- Remaining unlabeled samples: 33
2026-03-25 23:09:25,554 -- 
2026-03-25 23:09:25,554 -- [33m Self-training round [3/3] [0m
2026-03-25 23:09:25,554 -- 
2026-03-25 23:09:25,554 -- [32m ====== Epoch 1/4 (Round 3) ====== [0m
2026-03-25 23:09:25,554 -- Learning rate: 0.000851
2026-03-25 23:09:25,554 -- 
2026-03-25 23:09:25,605 -- Step [1/366] | Batch loss: 0.3601
2026-03-25 23:09:25,829 -- Step [100/366] | Batch loss: 0.3215
2026-03-25 23:09:26,011 -- Step [200/366] | Batch loss: 0.9511
2026-03-25 23:09:26,191 -- Step [300/366] | Batch loss: 0.9514
2026-03-25 23:09:26,345 -- 
2026-03-25 23:09:26,345 -- Training epoch completed. Validating...
2026-03-25 23:09:26,753 -- 
2026-03-25 23:09:26,753 -- [32m ====== Epoch 9 Summary ====== [0m
2026-03-25 23:09:26,753 -- Training Loss: 0.5826
2026-03-25 23:09:26,753 -- Validation Loss: 7.0199
2026-03-25 23:09:26,777 -- 
2026-03-25 23:09:26,777 -- [32m ====== Epoch 2/4 (Round 3) ====== [0m
2026-03-25 23:09:26,777 -- Learning rate: 0.000834
2026-03-25 23:09:26,777 -- 
2026-03-25 23:09:26,846 -- Step [1/366] | Batch loss: 0.2653
2026-03-25 23:09:27,035 -- Step [100/366] | Batch loss: 0.4734
2026-03-25 23:09:27,222 -- Step [200/366] | Batch loss: 0.4104
2026-03-25 23:09:27,404 -- Step [300/366] | Batch loss: 0.3242
2026-03-25 23:09:27,560 -- 
2026-03-25 23:09:27,560 -- Training epoch completed. Validating...
2026-03-25 23:09:27,971 -- 
2026-03-25 23:09:27,971 -- [32m ====== Epoch 10 Summary ====== [0m
2026-03-25 23:09:27,971 -- Training Loss: 0.5115
2026-03-25 23:09:27,971 -- Validation Loss: 7.7327
2026-03-25 23:09:27,994 -- 
2026-03-25 23:09:27,994 -- [32m ====== Epoch 3/4 (Round 3) ====== [0m
2026-03-25 23:09:27,994 -- Learning rate: 0.000817
2026-03-25 23:09:27,994 -- 
2026-03-25 23:09:28,051 -- Step [1/366] | Batch loss: 0.3172
2026-03-25 23:09:28,253 -- Step [100/366] | Batch loss: 0.4847
2026-03-25 23:09:28,446 -- Step [200/366] | Batch loss: 0.3853
2026-03-25 23:09:28,626 -- Step [300/366] | Batch loss: 0.3045
2026-03-25 23:09:28,777 -- 
2026-03-25 23:09:28,777 -- Training epoch completed. Validating...
2026-03-25 23:09:29,185 -- 
2026-03-25 23:09:29,185 -- [32m ====== Epoch 11 Summary ====== [0m
2026-03-25 23:09:29,185 -- Training Loss: 0.4395
2026-03-25 23:09:29,185 -- Validation Loss: 7.7341
2026-03-25 23:09:29,208 -- 
2026-03-25 23:09:29,208 -- [32m ====== Epoch 4/4 (Round 3) ====== [0m
2026-03-25 23:09:29,208 -- Learning rate: 0.000801
2026-03-25 23:09:29,208 -- 
2026-03-25 23:09:29,274 -- Step [1/366] | Batch loss: 0.5971
2026-03-25 23:09:29,469 -- Step [100/366] | Batch loss: 0.3592
2026-03-25 23:09:29,668 -- Step [200/366] | Batch loss: 0.5780
2026-03-25 23:09:29,862 -- Step [300/366] | Batch loss: 0.1879
2026-03-25 23:09:30,019 -- 
2026-03-25 23:09:30,019 -- Training epoch completed. Validating...
2026-03-25 23:09:30,432 -- 
2026-03-25 23:09:30,432 -- [32m ====== Epoch 12 Summary ====== [0m
2026-03-25 23:09:30,432 -- Training Loss: 0.4186
2026-03-25 23:09:30,432 -- Validation Loss: 8.2621
2026-03-25 23:09:30,521 -- 
2026-03-25 23:09:30,521 -- [32m ====== Pseudo-labeling result ====== [0m
2026-03-25 23:09:30,521 -- Confidence threshold: 0.95
2026-03-25 23:09:30,521 -- Pseudo-labeling ratio: 66.67%
2026-03-25 23:09:30,521 -- Total labeled samples: 46856
2026-03-25 23:09:30,521 -- Remaining unlabeled samples: 11
2026-03-25 23:09:30,521 -- 
